// Vitest Snapshot v1, https://vitest.dev/guide/snapshot.html

exports[`rolldown > expect toml import to be a json object 1`] = `
"var data = {
  "pluginDir": "./plugins",
  "web": {
    "enabled": true
  },
  "logging": {
    "type": "stdout",
    "level": "info"
  }
};

export { data as config };
"
`;

exports[`rolldown > expect toml import to be a string 1`] = `
"var config = "pluginDir = \\"./plugins\\"\\n\\n[web]\\nenabled = true\\n\\n[logging]\\ntype = \\"stdout\\"\\nlevel = \\"info\\"\\n";

export { config };
"
`;

exports[`rolldown > handle transforms 1`] = `
"var data = {
  "this": "transformed"
};

export { data as config };
"
`;
